Requirement already satisfied: pip in /opt/hostedtoolcache/Python/3.11.15/x64/lib/python3.11/site-packages (26.1.1)
Collecting pandas>=2.2.0 (from -r requirements.txt (line 1))
  Downloading pandas-3.0.3-cp311-cp311-manylinux_2_24_x86_64.manylinux_2_28_x86_64.whl.metadata (79 kB)
Collecting numpy>=1.26.0 (from -r requirements.txt (line 2))
  Downloading numpy-2.4.6-cp311-cp311-manylinux_2_27_x86_64.manylinux_2_28_x86_64.whl.metadata (6.6 kB)
Collecting yfinance>=0.2.40 (from -r requirements.txt (line 3))
  Downloading yfinance-1.3.0-py2.py3-none-any.whl.metadata (6.1 kB)
Collecting finvizfinance>=1.0.0 (from -r requirements.txt (line 4))
  Downloading finvizfinance-1.3.0-py3-none-any.whl.metadata (5.4 kB)
Collecting PyYAML>=6.0 (from -r requirements.txt (line 5))
  Downloading pyyaml-6.0.3-cp311-cp311-manylinux2014_x86_64.manylinux_2_17_x86_64.manylinux_2_28_x86_64.whl.metadata (2.4 kB)
Collecting matplotlib>=3.8.0 (from -r requirements.txt (line 6))
  Downloading matplotlib-3.10.9-cp311-cp311-manylinux2014_x86_64.manylinux_2_17_x86_64.whl.metadata (52 kB)
Collecting pytest>=8.0.0 (from -r requirements.txt (line 7))
  Downloading pytest-9.0.3-py3-none-any.whl.metadata (7.6 kB)
Collecting tabulate>=0.9.0 (from -r requirements.txt (line 8))
  Downloading tabulate-0.10.0-py3-none-any.whl.metadata (40 kB)
Collecting python-dateutil>=2.8.2 (from pandas>=2.2.0->-r requirements.txt (line 1))
  Downloading python_dateutil-2.9.0.post0-py2.py3-none-any.whl.metadata (8.4 kB)
Collecting requests>=2.31 (from yfinance>=0.2.40->-r requirements.txt (line 3))
  Downloading requests-2.34.2-py3-none-any.whl.metadata (4.8 kB)
Collecting multitasking>=0.0.7 (from yfinance>=0.2.40->-r requirements.txt (line 3))
  Downloading multitasking-0.0.13-py3-none-any.whl.metadata (16 kB)
Collecting platformdirs>=2.0.0 (from yfinance>=0.2.40->-r requirements.txt (line 3))
  Downloading platformdirs-4.9.6-py3-none-any.whl.metadata (4.7 kB)
Collecting pytz>=2022.5 (from yfinance>=0.2.40->-r requirements.txt (line 3))
  Downloading pytz-2026.2-py2.py3-none-any.whl.metadata (22 kB)
Collecting frozendict>=2.3.4 (from yfinance>=0.2.40->-r requirements.txt (line 3))
  Downloading frozendict-2.4.7-py3-none-any.whl.metadata (23 kB)
Collecting peewee>=3.16.2 (from yfinance>=0.2.40->-r requirements.txt (line 3))
  Downloading peewee-4.0.5-py3-none-any.whl.metadata (8.6 kB)
Collecting beautifulsoup4>=4.11.1 (from yfinance>=0.2.40->-r requirements.txt (line 3))
  Downloading beautifulsoup4-4.14.3-py3-none-any.whl.metadata (3.8 kB)
Collecting curl_cffi>=0.15 (from yfinance>=0.2.40->-r requirements.txt (line 3))
  Downloading curl_cffi-0.15.0-cp310-abi3-manylinux2014_x86_64.manylinux_2_17_x86_64.whl.metadata (18 kB)
Collecting protobuf>=3.19.0 (from yfinance>=0.2.40->-r requirements.txt (line 3))
  Downloading protobuf-7.35.0-cp310-abi3-manylinux2014_x86_64.whl.metadata (595 bytes)
Collecting websockets>=13.0 (from yfinance>=0.2.40->-r requirements.txt (line 3))
  Downloading websockets-16.0-cp311-cp311-manylinux1_x86_64.manylinux_2_28_x86_64.manylinux_2_5_x86_64.whl.metadata (6.8 kB)
Collecting lxml (from finvizfinance>=1.0.0->-r requirements.txt (line 4))
  Downloading lxml-6.1.1-cp311-cp311-manylinux_2_26_x86_64.manylinux_2_28_x86_64.whl.metadata (3.5 kB)
Collecting contourpy>=1.0.1 (from matplotlib>=3.8.0->-r requirements.txt (line 6))
  Downloading contourpy-1.3.3-cp311-cp311-manylinux_2_27_x86_64.manylinux_2_28_x86_64.whl.metadata (5.5 kB)
Collecting cycler>=0.10 (from matplotlib>=3.8.0->-r requirements.txt (line 6))
  Downloading cycler-0.12.1-py3-none-any.whl.metadata (3.8 kB)
Collecting fonttools>=4.22.0 (from matplotlib>=3.8.0->-r requirements.txt (line 6))
  Downloading fonttools-4.63.0-cp311-cp311-manylinux2014_x86_64.manylinux_2_17_x86_64.whl.metadata (118 kB)
Collecting kiwisolver>=1.3.1 (from matplotlib>=3.8.0->-r requirements.txt (line 6))
  Downloading kiwisolver-1.5.0-cp311-cp311-manylinux2014_x86_64.manylinux_2_17_x86_64.whl.metadata (5.1 kB)
Collecting packaging>=20.0 (from matplotlib>=3.8.0->-r requirements.txt (line 6))
  Downloading packaging-26.2-py3-none-any.whl.metadata (3.5 kB)
Collecting pillow>=8 (from matplotlib>=3.8.0->-r requirements.txt (line 6))
  Downloading pillow-12.2.0-cp311-cp311-manylinux_2_27_x86_64.manylinux_2_28_x86_64.whl.metadata (8.8 kB)
Collecting pyparsing>=3 (from matplotlib>=3.8.0->-r requirements.txt (line 6))
  Downloading pyparsing-3.3.2-py3-none-any.whl.metadata (5.8 kB)
Collecting iniconfig>=1.0.1 (from pytest>=8.0.0->-r requirements.txt (line 7))
  Downloading iniconfig-2.3.0-py3-none-any.whl.metadata (2.5 kB)
Collecting pluggy<2,>=1.5 (from pytest>=8.0.0->-r requirements.txt (line 7))
  Downloading pluggy-1.6.0-py3-none-any.whl.metadata (4.8 kB)
Collecting pygments>=2.7.2 (from pytest>=8.0.0->-r requirements.txt (line 7))
  Downloading pygments-2.20.0-py3-none-any.whl.metadata (2.5 kB)
Collecting soupsieve>=1.6.1 (from beautifulsoup4>=4.11.1->yfinance>=0.2.40->-r requirements.txt (line 3))
  Downloading soupsieve-2.8.3-py3-none-any.whl.metadata (4.6 kB)
Collecting typing-extensions>=4.0.0 (from beautifulsoup4>=4.11.1->yfinance>=0.2.40->-r requirements.txt (line 3))
  Downloading typing_extensions-4.15.0-py3-none-any.whl.metadata (3.3 kB)
Collecting cffi>=2.0.0 (from curl_cffi>=0.15->yfinance>=0.2.40->-r requirements.txt (line 3))
  Downloading cffi-2.0.0-cp311-cp311-manylinux2014_x86_64.manylinux_2_17_x86_64.whl.metadata (2.6 kB)
Collecting certifi>=2024.2.2 (from curl_cffi>=0.15->yfinance>=0.2.40->-r requirements.txt (line 3))
  Downloading certifi-2026.4.22-py3-none-any.whl.metadata (2.5 kB)
Collecting rich (from curl_cffi>=0.15->yfinance>=0.2.40->-r requirements.txt (line 3))
  Downloading rich-15.0.0-py3-none-any.whl.metadata (18 kB)
Collecting pycparser (from cffi>=2.0.0->curl_cffi>=0.15->yfinance>=0.2.40->-r requirements.txt (line 3))
  Downloading pycparser-3.0-py3-none-any.whl.metadata (8.2 kB)
Collecting six>=1.5 (from python-dateutil>=2.8.2->pandas>=2.2.0->-r requirements.txt (line 1))
  Downloading six-1.17.0-py2.py3-none-any.whl.metadata (1.7 kB)
Collecting charset_normalizer<4,>=2 (from requests>=2.31->yfinance>=0.2.40->-r requirements.txt (line 3))
  Downloading charset_normalizer-3.4.7-cp311-cp311-manylinux2014_x86_64.manylinux_2_17_x86_64.manylinux_2_28_x86_64.whl.metadata (40 kB)
Collecting idna<4,>=2.5 (from requests>=2.31->yfinance>=0.2.40->-r requirements.txt (line 3))
  Downloading idna-3.15-py3-none-any.whl.metadata (7.7 kB)
Collecting urllib3<3,>=1.26 (from requests>=2.31->yfinance>=0.2.40->-r requirements.txt (line 3))
  Downloading urllib3-2.7.0-py3-none-any.whl.metadata (6.9 kB)
Collecting markdown-it-py>=2.2.0 (from rich->curl_cffi>=0.15->yfinance>=0.2.40->-r requirements.txt (line 3))
  Downloading markdown_it_py-4.2.0-py3-none-any.whl.metadata (7.4 kB)
Collecting mdurl~=0.1 (from markdown-it-py>=2.2.0->rich->curl_cffi>=0.15->yfinance>=0.2.40->-r requirements.txt (line 3))
  Downloading mdurl-0.1.2-py3-none-any.whl.metadata (1.6 kB)
Downloading pandas-3.0.3-cp311-cp311-manylinux_2_24_x86_64.manylinux_2_28_x86_64.whl (11.3 MB)
   ━━━━━━━━━━━━━━━━━━━━━━━━━━━━━━━━━━━━━━━━ 11.3/11.3 MB 16.3 MB/s  0:00:00
Downloading numpy-2.4.6-cp311-cp311-manylinux_2_27_x86_64.manylinux_2_28_x86_64.whl (16.9 MB)
   ━━━━━━━━━━━━━━━━━━━━━━━━━━━━━━━━━━━━━━━━ 16.9/16.9 MB 53.9 MB/s  0:00:00
Downloading yfinance-1.3.0-py2.py3-none-any.whl (133 kB)
Downloading finvizfinance-1.3.0-py3-none-any.whl (44 kB)
Downloading pyyaml-6.0.3-cp311-cp311-manylinux2014_x86_64.manylinux_2_17_x86_64.manylinux_2_28_x86_64.whl (806 kB)
   ━━━━━━━━━━━━━━━━━━━━━━━━━━━━━━━━━━━━━━━━ 806.6/806.6 kB 72.1 MB/s  0:00:00
Downloading matplotlib-3.10.9-cp311-cp311-manylinux2014_x86_64.manylinux_2_17_x86_64.whl (8.8 MB)
   ━━━━━━━━━━━━━━━━━━━━━━━━━━━━━━━━━━━━━━━━ 8.8/8.8 MB 84.9 MB/s  0:00:00
Downloading pytest-9.0.3-py3-none-any.whl (375 kB)
Downloading pluggy-1.6.0-py3-none-any.whl (20 kB)
Downloading tabulate-0.10.0-py3-none-any.whl (39 kB)
Downloading beautifulsoup4-4.14.3-py3-none-any.whl (107 kB)
Downloading contourpy-1.3.3-cp311-cp311-manylinux_2_27_x86_64.manylinux_2_28_x86_64.whl (355 kB)
Downloading curl_cffi-0.15.0-cp310-abi3-manylinux2014_x86_64.manylinux_2_17_x86_64.whl (11.1 MB)
   ━━━━━━━━━━━━━━━━━━━━━━━━━━━━━━━━━━━━━━━━ 11.1/11.1 MB 106.5 MB/s  0:00:00
Downloading certifi-2026.4.22-py3-none-any.whl (135 kB)
Downloading cffi-2.0.0-cp311-cp311-manylinux2014_x86_64.manylinux_2_17_x86_64.whl (215 kB)
Downloading cycler-0.12.1-py3-none-any.whl (8.3 kB)
Downloading fonttools-4.63.0-cp311-cp311-manylinux2014_x86_64.manylinux_2_17_x86_64.whl (5.1 MB)
   ━━━━━━━━━━━━━━━━━━━━━━━━━━━━━━━━━━━━━━━━ 5.1/5.1 MB 120.9 MB/s  0:00:00
Downloading frozendict-2.4.7-py3-none-any.whl (16 kB)
Downloading iniconfig-2.3.0-py3-none-any.whl (7.5 kB)
Downloading kiwisolver-1.5.0-cp311-cp311-manylinux2014_x86_64.manylinux_2_17_x86_64.whl (1.4 MB)
   ━━━━━━━━━━━━━━━━━━━━━━━━━━━━━━━━━━━━━━━━ 1.4/1.4 MB 109.8 MB/s  0:00:00
Downloading multitasking-0.0.13-py3-none-any.whl (16 kB)
Downloading packaging-26.2-py3-none-any.whl (100 kB)
Downloading peewee-4.0.5-py3-none-any.whl (144 kB)
Downloading pillow-12.2.0-cp311-cp311-manylinux_2_27_x86_64.manylinux_2_28_x86_64.whl (7.1 MB)
   ━━━━━━━━━━━━━━━━━━━━━━━━━━━━━━━━━━━━━━━━ 7.1/7.1 MB 138.0 MB/s  0:00:00
Downloading platformdirs-4.9.6-py3-none-any.whl (21 kB)
Downloading protobuf-7.35.0-cp310-abi3-manylinux2014_x86_64.whl (327 kB)
Downloading pygments-2.20.0-py3-none-any.whl (1.2 MB)
   ━━━━━━━━━━━━━━━━━━━━━━━━━━━━━━━━━━━━━━━━ 1.2/1.2 MB 147.4 MB/s  0:00:00
Downloading pyparsing-3.3.2-py3-none-any.whl (122 kB)
Downloading python_dateutil-2.9.0.post0-py2.py3-none-any.whl (229 kB)
Downloading pytz-2026.2-py2.py3-none-any.whl (510 kB)
Downloading requests-2.34.2-py3-none-any.whl (73 kB)
Downloading charset_normalizer-3.4.7-cp311-cp311-manylinux2014_x86_64.manylinux_2_17_x86_64.manylinux_2_28_x86_64.whl (214 kB)
Downloading idna-3.15-py3-none-any.whl (72 kB)
Downloading urllib3-2.7.0-py3-none-any.whl (131 kB)
Downloading six-1.17.0-py2.py3-none-any.whl (11 kB)
Downloading soupsieve-2.8.3-py3-none-any.whl (37 kB)
Downloading typing_extensions-4.15.0-py3-none-any.whl (44 kB)
Downloading websockets-16.0-cp311-cp311-manylinux1_x86_64.manylinux_2_28_x86_64.manylinux_2_5_x86_64.whl (184 kB)
Downloading lxml-6.1.1-cp311-cp311-manylinux_2_26_x86_64.manylinux_2_28_x86_64.whl (5.2 MB)
   ━━━━━━━━━━━━━━━━━━━━━━━━━━━━━━━━━━━━━━━━ 5.2/5.2 MB 153.1 MB/s  0:00:00
Downloading pycparser-3.0-py3-none-any.whl (48 kB)
Downloading rich-15.0.0-py3-none-any.whl (310 kB)
Downloading markdown_it_py-4.2.0-py3-none-any.whl (91 kB)
Downloading mdurl-0.1.2-py3-none-any.whl (10.0 kB)
Installing collected packages: pytz, peewee, multitasking, websockets, urllib3, typing-extensions, tabulate, soupsieve, six, PyYAML, pyparsing, pygments, pycparser, protobuf, pluggy, platformdirs, pillow, packaging, numpy, mdurl, lxml, kiwisolver, iniconfig, idna, frozendict, fonttools, cycler, charset_normalizer, certifi, requests, python-dateutil, pytest, markdown-it-py, contourpy, cffi, beautifulsoup4, rich, pandas, matplotlib, finvizfinance, curl_cffi, yfinance

Successfully installed PyYAML-6.0.3 beautifulsoup4-4.14.3 certifi-2026.4.22 cffi-2.0.0 charset_normalizer-3.4.7 contourpy-1.3.3 curl_cffi-0.15.0 cycler-0.12.1 finvizfinance-1.3.0 fonttools-4.63.0 frozendict-2.4.7 idna-3.15 iniconfig-2.3.0 kiwisolver-1.5.0 lxml-6.1.1 markdown-it-py-4.2.0 matplotlib-3.10.9 mdurl-0.1.2 multitasking-0.0.13 numpy-2.4.6 packaging-26.2 pandas-3.0.3 peewee-4.0.5 pillow-12.2.0 platformdirs-4.9.6 pluggy-1.6.0 protobuf-7.35.0 pycparser-3.0 pygments-2.20.0 pyparsing-3.3.2 pytest-9.0.3 python-dateutil-2.9.0.post0 pytz-2026.2 requests-2.34.2 rich-15.0.0 six-1.17.0 soupsieve-2.8.3 tabulate-0.10.0 typing-extensions-4.15.0 urllib3-2.7.0 websockets-16.0 yfinance-1.3.0
Obtaining file:///home/runner/work/Backtest/Backtest
  Installing build dependencies: started
  Installing build dependencies: finished with status 'done'
  Checking if build backend supports build_editable: started
  Checking if build backend supports build_editable: finished with status 'done'
  Getting requirements to build editable: started
  Getting requirements to build editable: finished with status 'done'
  Preparing editable metadata (pyproject.toml): started
  Preparing editable metadata (pyproject.toml): finished with status 'done'
Building wheels for collected packages: rs90-backtester
  Building editable for rs90-backtester (pyproject.toml): started
  Building editable for rs90-backtester (pyproject.toml): finished with status 'done'
  Created wheel for rs90-backtester: filename=rs90_backtester-0.1.0-0.editable-py3-none-any.whl size=1331 sha256=48dfc94b1460681530aa602e9bceaa63ff9a01666cd9063b1b68faa1e1b429ea
  Stored in directory: /tmp/pip-ephem-wheel-cache-mi54ha4i/wheels/06/84/63/ca465781d71122082be0c088d497ab8d3b1933010a93789290
Successfully built rs90-backtester
Installing collected packages: rs90-backtester
Successfully installed rs90-backtester-0.1.0
