max_tickers is empty: downloading full ticker list
Downloading 5287 tickers from 2023-04-29 to 2026-05-19 in 67 batches
[1/67] A ... ADEA
  rows=58247
[2/67] ADGM ... AIFF
  rows=52847
[3/67] AIFU ... ALX
  rows=56863
[4/67] ALXO ... APAM
  rows=56954
[5/67] APC ... ASIC
  rows=56702
[6/67] ASIX ... AVGO
  rows=57481
[7/67] AVIR ... BBVA
  rows=58345
[8/67] BBW ... BIAF
  rows=58123
[9/67] BIDU ... BODI
  rows=55303
[10/67] BOF ... BUR
  rows=53754
[11/67] BURL ... CATX
  rows=56503
[12/67] CATY ... CETY
  rows=56481
[13/67] CEVA ... CLIR
  rows=56939
[14/67] CLLS ... CODA
HTTP Error 404: {"quoteSummary":{"result":null,"error":{"code":"Not Found","description":"Quote not found for symbol: CLRS"}}}
$CLRS: possibly delisted; no timezone found

1 Failed download:
['CLRS']: possibly delisted; no timezone found
  rows=59178
[15/67] CODI ... CRNC
  rows=58995
[16/67] CRNT ... CVLG
  rows=56116
[17/67] CVLT ... DECK
  rows=59255
[18/67] DEFT ... DRH
  rows=58136
[19/67] DRI ... EEIQ
  rows=59163
[20/67] EEX ... EOG
  rows=54439
[21/67] EOLS ... EWCZ
  rows=57314
[22/67] EWTX ... FFIN
  rows=57394
[23/67] FFIV ... FORTY
  rows=56024
[24/67] FOSL ... GALT
  rows=57873
[25/67] GAMB ... GIS
  rows=57920
[26/67] GITS ... GREE
  rows=53894
[27/67] GRFS ... HCKT
  rows=57643
[28/67] HCM ... HPE
  rows=57590
[29/67] HPK ... IBM
  rows=56961
[30/67] IBN ... INDB
  rows=59674
[31/67] INDI ... IRWD
  rows=57583
[32/67] ISBA ... JRSH
  rows=56059
[33/67] JRVR ... KOF

3 Failed downloads:
['JYD', 'KGEI', 'KE']: YFRateLimitError('Too Many Requests. Rate limited. Try after a while.')
  rows=53415
[34/67] KOP ... LCTX

1 Failed download:
['KZR']: YFRateLimitError('Too Many Requests. Rate limited. Try after a while.')
  rows=56468
[35/67] LCUT ... LNG

2 Failed downloads:
['LDI', 'LFTO']: YFRateLimitError('Too Many Requests. Rate limited. Try after a while.')
  rows=53649
[36/67] LNKS ... LYFT

1 Failed download:
['LTH']: YFRateLimitError('Too Many Requests. Rate limited. Try after a while.')
  rows=57513
[37/67] LYG ... MDU

1 Failed download:
['MCB']: YFRateLimitError('Too Many Requests. Rate limited. Try after a while.')
  rows=54279
[38/67] MDV ... MLYS
$MHM: possibly delisted; no price data found  (1d 2023-04-29 -> 2026-05-19)

1 Failed download:
['MHM']: possibly delisted; no price data found  (1d 2023-04-29 -> 2026-05-19)
  rows=54407
[39/67] MMA ... MSGM

1 Failed download:
['MSEX']: YFRateLimitError('Too Many Requests. Rate limited. Try after a while.')
  rows=55955
[40/67] MSGS ... NBBK
  rows=55425
[41/67] NBHC ... NJR
  rows=56004
[42/67] NKE ... NTNX

2 Failed downloads:
['NMFC', 'NRP']: YFRateLimitError('Too Many Requests. Rate limited. Try after a while.')
  rows=53814
[43/67] NTR ... OCGN
  rows=58728
[44/67] OCS ... OPTT
  rows=57720
[45/67] OPTU ... PATK

1 Failed download:
['PAGS']: YFRateLimitError('Too Many Requests. Rate limited. Try after a while.')
  rows=55823
[46/67] PAVM ... PH
  rows=58467
[47/67] PHAR ... POLA
  rows=54749
[48/67] POM ... PTHS

1 Failed download:
['PSTL']: YFRateLimitError('Too Many Requests. Rate limited. Try after a while.')
  rows=57239
[49/67] PTLE ... RCAT
  rows=54998
[50/67] RCEL ... RIVN
  rows=57925
[51/67] RJET ... RVMD
  rows=56470
[52/67] RVP ... SCOR
  rows=56308
[53/67] SCSC ... SIBN

1 Failed download:
['SCYX']: YFRateLimitError('Too Many Requests. Rate limited. Try after a while.')
  rows=55408
[54/67] SID ... SMP

1 Failed download:
['SITM']: YFRateLimitError('Too Many Requests. Rate limited. Try after a while.')
  rows=56241
[55/67] SMPL ... SPRO

2 Failed downloads:
['SPACEX', 'SNDK']: YFRateLimitError('Too Many Requests. Rate limited. Try after a while.')
  rows=55616
[56/67] SPRU ... STUB

1 Failed download:
['SSP']: YFRateLimitError('Too Many Requests. Rate limited. Try after a while.')
  rows=56715
[57/67] STVN ... TCBK
  rows=55944
[58/67] TCBS ... TKNO

1 Failed download:
['TCRT']: YFRateLimitError('Too Many Requests. Rate limited. Try after a while.')
  rows=56477
[59/67] TKO ... TRNS

1 Failed download:
['TKVA']: YFRateLimitError('Too Many Requests. Rate limited. Try after a while.')
  rows=57076
[60/67] TRON ... UBCP
  rows=58770
[61/67] UBER ... UTI
  rows=59682
[62/67] UTL ... VMET

1 Failed download:
['VERX']: YFRateLimitError('Too Many Requests. Rate limited. Try after a while.')
  rows=55756
[63/67] VMI ... WBD

1 Failed download:
['VRM']: YFRateLimitError('Too Many Requests. Rate limited. Try after a while.')
  rows=56951
[64/67] WBI ... WRBY

1 Failed download:
['WDAY']: YFRateLimitError('Too Many Requests. Rate limited. Try after a while.')
  rows=55881
[65/67] WRD ... XTLB
  rows=54045
[66/67] XTNT ... ZTS

1 Failed download:
['YCBD']: YFRateLimitError('Too Many Requests. Rate limited. Try after a while.')
  rows=49374
[67/67] ZUMZ ... ZYME
  rows=4931
Saved data/stock_data.csv rows=3733976 tickers=5261
